No price changes (39 products tracked).
ราคา BaNANA เปลี่ยนแปลง:

Apple iPhone 17e
฿19,900 - ฿27,900 -> ฿22,900 - ฿30,900
https://www.bnn.in.th/th/p/apple-iphone-17e-256gb-soft-pink-195951030982_dk7k03
config.json not found, skipping LINE notification. Message was:
ราคา BaNANA เปลี่ยนแปลง:

Apple iPhone 17e
฿19,900 - ฿27,900 -> ฿22,900 - ฿30,900
https://www.bnn.in.th/th/p/apple-iphone-17e-256gb-soft-pink-195951030982_dk7k03
No price changes (39 products tracked).
ราคา BaNANA เปลี่ยนแปลง:

Apple iPhone 16e White
฿19,400 - ฿23,400 -> ฿19,400 - ฿23,400 (มีสินค้าแล้ว)
https://www.bnn.in.th/th/p/apple-iphone-16e-128gb-white-195950112504_dmx9vn
config.json not found, skipping LINE notification. Message was:
ราคา BaNANA เปลี่ยนแปลง:

Apple iPhone 16e White
฿19,400 - ฿23,400 -> ฿19,400 - ฿23,400 (มีสินค้าแล้ว)
https://www.bnn.in.th/th/p/apple-iphone-16e-128gb-white-195950112504_dmx9vn
No price changes (39 products tracked).
Errors: iPhone: fetch failed (<urlopen error [Errno 8] nodename nor servname provided, or not known>); iPad: fetch failed (<urlopen error [Errno 8] nodename nor servname provided, or not known>)
ราคา BaNANA เปลี่ยนแปลง:

Apple iPhone 16 Plus
฿29,500 - ฿44,400 -> ฿29,500 - ฿44,400 (สินค้าหมด)
https://www.bnn.in.th/th/p/apple-iphone-16-plus-128gb-ultramarine-195949722844_d40jo2

Apple iPad Air 13 inch (M4) Wi-Fi
฿34,900 - ฿56,900 -> ฿34,900 - ฿56,900 (สินค้าหมด)
https://www.bnn.in.th/th/p/apple-ipad-air-13-m4-wi-fi-128gb-space-gray-2026-195950797862_zew9v9

Apple iPad Pro 11 inch (M5) Wi-Fi + Cellular
฿49,900 - ฿90,900 -> ฿49,900 - ฿90,900 (สินค้าหมด)
https://www.bnn.in.th/th/p/apple-ipad-pro-11-m5-wi-fi-cellular-256gb-with-standard-glass-silver-2025-195950401080_zv44y4
ราคา BaNANA เปลี่ยนแปลง:

Apple iPhone 16
฿99,999 - ฿199,999 -> ฿26,500 - ฿38,800
https://www.bnn.in.th/th/p/apple-iphone-16-128gb-teal-195949822698_z77oe6

Apple iPhone 17e — มีสินค้าแล้ว (ราคา ฿22,900 - ฿30,900)
https://www.bnn.in.th/th/p/apple-iphone-17e-256gb-soft-pink-195951030982_dk7k03
[2026-07-03 21:31:00] ราคา BaNANA เปลี่ยนแปลง:

Apple iPhone 16 Plus — มีสินค้าแล้ว (ราคา ฿29,500 - ฿44,400)
https://www.bnn.in.th/th/p/apple-iphone-16-plus-128gb-ultramarine-195949722844_d40jo2

Apple iPhone 16e White — สินค้าหมด (ราคา ฿19,400 - ฿23,400)
https://www.bnn.in.th/th/p/apple-iphone-16e-128gb-white-195950112504_dmx9vn

Apple iPad Air 11 inch (M3) Wi-Fi + Cellular — สินค้าหมด (ราคา ฿24,900 - ฿42,900)
https://www.bnn.in.th/th/p/apple-ipad-air-11-m3-wi-fi-cellular-128gb-purple-2025-5th-gen-195949986932_z3q030
[2026-07-04 20:01:16] No price changes (39 products tracked).
[2026-07-04 20:01:16] Errors: iPhone: fetch failed (<urlopen error [Errno 8] nodename nor servname provided, or not known>); iPad: fetch failed (<urlopen error [Errno 8] nodename nor servname provided, or not known>)
[2026-07-05 20:05:13] ราคา BaNANA เปลี่ยนแปลง:

Apple iPhone 16e White — มีสินค้าแล้ว (ราคา ฿19,400 - ฿23,400)
https://www.bnn.in.th/th/p/apple-iphone-16e-128gb-white-195950112504_dmx9vn

Apple iPad Air 13 inch (M4) Wi-Fi — มีสินค้าแล้ว (ราคา ฿34,900 - ฿56,900)
https://www.bnn.in.th/th/p/apple-ipad-air-13-m4-wi-fi-128gb-space-gray-2026-195950797862_zew9v9

Apple iPad Pro 11 inch (M5) Wi-Fi + Cellular — มีสินค้าแล้ว (ราคา ฿49,900 - ฿90,900)
https://www.bnn.in.th/th/p/apple-ipad-pro-11-m5-wi-fi-cellular-256gb-with-standard-glass-silver-2025-195950401080_zv44y4
[2026-07-06 20:00:07] ราคา BaNANA เปลี่ยนแปลง:

Apple iPhone 17 Pro
฿43,400 - ฿59,900 -> ฿43,900 - ฿59,900
https://www.bnn.in.th/th/p/apple-iphone-17-pro-256gb-deep-blue-195950627657_rqn5v8

Apple iPhone 17 Pro Max
฿48,400 - ฿79,900 -> ฿48,900 - ฿80,900
https://www.bnn.in.th/th/p/apple-iphone-17-pro-max-256gb-cosmic-orange-195950639100_dyn0w4
[2026-07-07 11:44:53] ราคา BaNANA เปลี่ยนแปลง:

Apple iPhone 16e White — สินค้าหมด (ราคา ฿19,400 - ฿23,400)
https://www.bnn.in.th/th/p/apple-iphone-16e-128gb-white-195950112504_dmx9vn

Apple iPad Air 13 inch (M4) Wi-Fi + Cellular — สินค้าหมด (ราคา ฿40,900 - ฿62,900)
https://www.bnn.in.th/th/p/apple-ipad-air-13-m4-wi-fi-cellular-128gb-starlight-2026-195950785258_dn8gw2

Apple iPad Pro 11 inch (M5) Wi-Fi with Nano-texture glass — สินค้าหมด (ราคา ฿68,900 - ฿87,900)
https://www.bnn.in.th/th/p/apple-ipad-pro-11-m5-wi-fi-1tb-with-nano-texture-glass-space-black-2025-195950396782_z7gg91

Apple iPad Pro 11 inch (M5) Wi-Fi + Cellular with Nano-texture glass — สินค้าหมด (ราคา ฿75,900 - ฿94,900)
https://www.bnn.in.th/th/p/apple-ipad-pro-11-m5-wi-fi-cellular-1tb-with-nano-texture-glass-space-black-2025-195950402285_dynnw4

Apple iPad mini 7 (A17 Pro) Wi-Fi 8.3 inch — สินค้าหมด (ราคา ฿21,900 - ฿32,900)
https://www.bnn.in.th/th/p/apple-ipad-mini-83-inch-wi-fi-128gb-blue-2024-7th-gen-195949729256_zvjqyp

Apple iPad Pro 11 inch (M4) Wi-Fi — สินค้าหมด (ราคา ฿29,900 - ฿53,900)
https://www.bnn.in.th/th/p/apple-ipad-pro-11-inch-wi-fi-256gb-with-standard-glass-space-black-2024-5th-gen-195949222542_dk0wwq

Apple iPad Pro 11 inch (M4) Wi-Fi with Nano-texture glass — สินค้าหมด (ราคา ฿49,900 - ฿57,900)
https://www.bnn.in.th/th/p/apple-ipad-pro-11-inch-wi-fi-1tb-with-nano-texture-glass-silver-2024-5th-gen-195949467165_dk0w1j
[2026-07-08 11:38:25] No price changes (39 products tracked).
[2026-07-08 11:38:25] Errors: iPhone: fetch failed (<urlopen error [Errno 8] nodename nor servname provided, or not known>); iPad: fetch failed (<urlopen error [Errno 8] nodename nor servname provided, or not known>)
[2026-07-09 11:30:07] ราคา BaNANA เปลี่ยนแปลง:

Apple iPhone 16e White — มีสินค้าแล้ว (ราคา ฿19,400 - ฿23,400)
https://www.bnn.in.th/th/p/apple-iphone-16e-128gb-white-195950112504_dmx9vn

Apple iPhone 13 128GB Midnight — มีสินค้าแล้ว (ราคา ฿15,200)
https://www.bnn.in.th/th/p/apple-iphone-13-128gb-midnight-194252707241_dxlvy0

Apple iPad Air 13 inch (M4) Wi-Fi + Cellular — มีสินค้าแล้ว (ราคา ฿40,900 - ฿62,900)
https://www.bnn.in.th/th/p/apple-ipad-air-13-m4-wi-fi-cellular-128gb-starlight-2026-195950785258_dn8gw2

Apple iPad Pro 11 inch (M5) Wi-Fi with Nano-texture glass — มีสินค้าแล้ว (ราคา ฿68,900 - ฿87,900)
https://www.bnn.in.th/th/p/apple-ipad-pro-11-m5-wi-fi-1tb-with-nano-texture-glass-space-black-2025-195950396782_z7gg91

Apple iPad Pro 11 inch (M5) Wi-Fi + Cellular with Nano-texture glass — มีสินค้าแล้ว (ราคา ฿75,900 - ฿94,900)
https://www.bnn.in.th/th/p/apple-ipad-pro-11-m5-wi-fi-cellular-1tb-with-nano-texture-glass-space-black-2025-195950402285_dynnw4

Apple iPad mini 7 (A17 Pro) Wi-Fi 8.3 inch — มีสินค้าแล้ว (ราคา ฿21,900 - ฿32,900)
https://www.bnn.in.th/th/p/apple-ipad-mini-83-inch-wi-fi-128gb-blue-2024-7th-gen-195949729256_zvjqyp

Apple iPad mini 7 (A17 Pro) Wi-Fi + Cellular 8.3 inch — มีสินค้าแล้ว (ราคา ฿27,900 - ฿38,900)
https://www.bnn.in.th/th/p/apple-ipad-mini-83-inch-wi-fi-cellular-128gb-space-gray-2024-7th-gen-195949755279_r0kp9k

Apple iPad Pro 11 inch (M4) Wi-Fi — มีสินค้าแล้ว (ราคา ฿29,900 - ฿53,900)
https://www.bnn.in.th/th/p/apple-ipad-pro-11-inch-wi-fi-256gb-with-standard-glass-space-black-2024-5th-gen-195949222542_dk0wwq

Apple iPad Pro 11 inch (M4) Wi-Fi with Nano-texture glass — มีสินค้าแล้ว (ราคา ฿49,900 - ฿57,900)
https://www.bnn.in.th/th/p/apple-ipad-pro-11-inch-wi-fi-1tb-with-nano-texture-glass-silver-2024-5th-gen-195949467165_dk0w1j
[2026-07-10 11:38:22] No price changes (39 products tracked).
[2026-07-10 11:38:22] Errors: iPhone: fetch failed (<urlopen error [Errno 8] nodename nor servname provided, or not known>); iPad: fetch failed (<urlopen error [Errno 8] nodename nor servname provided, or not known>)
[2026-07-11 11:31:47] No price changes (39 products tracked).
[2026-07-11 11:31:47] Errors: iPhone: fetch failed (<urlopen error [Errno 8] nodename nor servname provided, or not known>); iPad: fetch failed (<urlopen error [Errno 8] nodename nor servname provided, or not known>)
[2026-07-12 11:45:06] No price changes (39 products tracked).
[2026-07-12 11:45:06] Errors: iPhone: fetch failed (<urlopen error [Errno 8] nodename nor servname provided, or not known>); iPad: fetch failed (<urlopen error [Errno 8] nodename nor servname provided, or not known>)
[2026-07-13 11:41:17] No price changes (39 products tracked).
[2026-07-13 11:41:17] Errors: iPhone: fetch failed (<urlopen error [Errno 8] nodename nor servname provided, or not known>); iPad: fetch failed (<urlopen error [Errno 8] nodename nor servname provided, or not known>)
[2026-07-14 11:31:40] No price changes (39 products tracked).
[2026-07-14 11:31:40] Errors: iPhone: fetch failed (<urlopen error [Errno 8] nodename nor servname provided, or not known>); iPad: fetch failed (<urlopen error [Errno 8] nodename nor servname provided, or not known>)
[2026-07-15 11:30:04] ราคา BaNANA เปลี่ยนแปลง:

Apple iPhone 16e White — สินค้าหมด (ราคา ฿19,400 - ฿23,400)
https://www.bnn.in.th/th/p/apple-iphone-16e-128gb-white-195950112504_dmx9vn

Apple iPad Pro 11 inch (M5) Wi-Fi — มีสินค้าแล้ว (ราคา ฿42,900 - ฿83,900)
https://www.bnn.in.th/th/p/apple-ipad-pro-11-m5-wi-fi-256gb-with-standard-glass-space-black-2025-195950395464_dl77we

Apple iPad Pro 13 inch (M5) Wi-Fi with Nano-texture glass — มีสินค้าแล้ว (ราคา ฿80,900 - ฿99,900)
https://www.bnn.in.th/th/p/apple-ipad-pro-13-m5-wi-fi-1tb-with-nano-texture-glass-space-black-2025-195950399462_d488oe

Apple iPad Pro 13 inch (M5) Wi-Fi + Cellular with Nano-texture glass — มีสินค้าแล้ว (ราคา ฿87,900 - ฿106,900)
https://www.bnn.in.th/th/p/apple-ipad-pro-13-m5-wi-fi-cellular-1tb-with-nano-texture-glass-space-black-2025-195950405286_d488ee
[2026-07-16 11:39:48] No price changes (39 products tracked).
[2026-07-16 11:39:48] Errors: iPhone: fetch failed (<urlopen error [Errno 8] nodename nor servname provided, or not known>); iPad: fetch failed (<urlopen error [Errno 8] nodename nor servname provided, or not known>)
[2026-07-17 11:31:50] No price changes (39 products tracked).
[2026-07-17 11:31:50] Errors: iPhone: fetch failed (<urlopen error [Errno 8] nodename nor servname provided, or not known>); iPad: fetch failed (<urlopen error [Errno 8] nodename nor servname provided, or not known>)
[2026-07-18 11:33:18] No price changes (39 products tracked).
[2026-07-18 11:33:18] Errors: iPhone: fetch failed (<urlopen error [Errno 8] nodename nor servname provided, or not known>); iPad: fetch failed (<urlopen error [Errno 8] nodename nor servname provided, or not known>)
[2026-07-19 11:40:20] No price changes (39 products tracked).
[2026-07-19 11:40:20] Errors: iPhone: fetch failed (<urlopen error [Errno 8] nodename nor servname provided, or not known>); iPad: fetch failed (<urlopen error [Errno 8] nodename nor servname provided, or not known>)
[2026-07-20 11:44:09] No price changes (39 products tracked).
[2026-07-20 11:44:09] Errors: iPhone: fetch failed (<urlopen error [Errno 8] nodename nor servname provided, or not known>); iPad: fetch failed (<urlopen error [Errno 8] nodename nor servname provided, or not known>)
[2026-07-21 11:42:38] ราคา BaNANA เปลี่ยนแปลง:

Apple iPad Air 11 inch (M4) Wi-Fi
฿27,900 - ฿49,900 -> ฿24,700 - ฿46,700
https://www.bnn.in.th/th/p/apple-ipad-air-11-m4-wi-fi-128gb-blue-2026-195950823851_zgeqq3

Apple iPad Air 13 inch (M4) Wi-Fi
฿34,900 - ฿56,900 -> ฿31,800 - ฿53,800
https://www.bnn.in.th/th/p/apple-ipad-air-13-m4-wi-fi-128gb-space-gray-2026-195950797862_zew9v9

Apple iPad Air 11 inch (M4) Wi-Fi + Cellular
฿33,900 - ฿55,900 -> ฿30,700 - ฿52,700
https://www.bnn.in.th/th/p/apple-ipad-air-11-m4-wi-fi-cellular-128gb-purple-2026-195950811230_dm54kv

Apple iPad Air 13 inch (M4) Wi-Fi + Cellular
฿40,900 - ฿62,900 -> ฿37,800 - ฿59,800
https://www.bnn.in.th/th/p/apple-ipad-air-13-m4-wi-fi-cellular-128gb-starlight-2026-195950785258_dn8gw2

Apple iPad mini 7 (A17 Pro) Wi-Fi 8.3 inch
฿21,900 - ฿32,900 -> ฿18,600 - ฿29,600
https://www.bnn.in.th/th/p/apple-ipad-mini-83-inch-wi-fi-128gb-blue-2024-7th-gen-195949729256_zvjqyp

Apple iPad mini 7 (A17 Pro) Wi-Fi + Cellular 8.3 inch
฿27,900 - ฿38,900 -> ฿24,600 - ฿35,600
https://www.bnn.in.th/th/p/apple-ipad-mini-83-inch-wi-fi-cellular-128gb-space-gray-2024-7th-gen-195949755279_r0kp9k

Apple iPhone 13 128GB Midnight — สินค้าหมด (ราคา ฿15,200)
https://www.bnn.in.th/th/p/apple-iphone-13-128gb-midnight-194252707241_dxlvy0

Apple iPad Pro 11 inch (M5) Wi-Fi + Cellular — สินค้าหมด (ราคา ฿49,900 - ฿90,900)
https://www.bnn.in.th/th/p/apple-ipad-pro-11-m5-wi-fi-cellular-256gb-with-standard-glass-silver-2025-195950401080_zv44y4
[2026-07-22 01:19:01] No price changes (39 products tracked).
[2026-07-22 01:19:01] Errors: iPhone: fetch failed (HTTP Error 403: Forbidden); iPad: fetch failed (HTTP Error 403: Forbidden)
[2026-07-22 08:22:55] ราคา BaNANA เปลี่ยนแปลง:

Apple iPad Pro 11 inch (M5) Wi-Fi + Cellular — มีสินค้าแล้ว (ราคา ฿49,900 - ฿90,900)
https://www.bnn.in.th/th/p/apple-ipad-pro-11-m5-wi-fi-cellular-256gb-with-standard-glass-silver-2025-195950401080_zv44y4
[2026-07-22 11:38:51] No price changes detected, but fetch had errors: iPhone: fetch failed (<urlopen error [Errno 8] nodename nor servname provided, or not known>); iPad: fetch failed (<urlopen error [Errno 8] nodename nor servname provided, or not known>)
[2026-07-23 11:32:57] No price changes detected, but fetch had errors: iPhone: fetch failed (<urlopen error [Errno 8] nodename nor servname provided, or not known>); iPad: fetch failed (<urlopen error [Errno 8] nodename nor servname provided, or not known>)
[2026-07-24 11:42:52] ราคา BaNANA เปลี่ยนแปลง:

Apple iPhone 13 128GB Midnight — มีสินค้าแล้ว (ราคา ฿15,200)
https://www.bnn.in.th/th/p/apple-iphone-13-128gb-midnight-194252707241_dxlvy0

Apple iPad mini 7 (A17 Pro) Wi-Fi 8.3 inch — สินค้าหมด (ราคา ฿18,600 - ฿29,600)
https://www.bnn.in.th/th/p/apple-ipad-mini-83-inch-wi-fi-128gb-blue-2024-7th-gen-195949729256_zvjqyp

Apple iPad Pro 13 inch (M4) Wi-Fi — มีสินค้าแล้ว (ราคา ฿38,900 - ฿67,200)
https://www.bnn.in.th/th/p/apple-ipad-pro-13-inch-wi-fi-256gb-with-standard-glass-space-black-2024-7th-gen-195949238710_z3qggl
[2026-07-25 11:44:55] No price changes detected, but fetch had errors: iPhone: fetch failed (<urlopen error [Errno 8] nodename nor servname provided, or not known>); iPad: fetch failed (<urlopen error [Errno 8] nodename nor servname provided, or not known>)
[2026-07-26 11:35:51] No price changes detected, but fetch had errors: iPhone: fetch failed (<urlopen error [Errno 8] nodename nor servname provided, or not known>); iPad: fetch failed (<urlopen error [Errno 8] nodename nor servname provided, or not known>)
[2026-07-27 11:43:04] No price changes detected, but fetch had errors: iPhone: fetch failed (<urlopen error [Errno 8] nodename nor servname provided, or not known>); iPad: fetch failed (<urlopen error [Errno 8] nodename nor servname provided, or not known>)
[2026-07-28 11:44:50] No price changes detected, but fetch had errors: iPhone: fetch failed (<urlopen error [Errno 8] nodename nor servname provided, or not known>); iPad: fetch failed (<urlopen error [Errno 8] nodename nor servname provided, or not known>)
[2026-07-29 11:37:26] No price changes detected, but fetch had errors: iPhone: fetch failed (<urlopen error [Errno 8] nodename nor servname provided, or not known>); iPad: fetch failed (<urlopen error [Errno 8] nodename nor servname provided, or not known>)
[2026-07-30 11:31:51] No price changes detected, but fetch had errors: iPhone: fetch failed (<urlopen error [Errno 8] nodename nor servname provided, or not known>); iPad: fetch failed (<urlopen error [Errno 8] nodename nor servname provided, or not known>)
[2026-07-31 11:32:00] No price changes detected, but fetch had errors: iPhone: fetch failed (<urlopen error [Errno 8] nodename nor servname provided, or not known>); iPad: fetch failed (<urlopen error [Errno 8] nodename nor servname provided, or not known>)
[2026-08-01 11:41:49] No price changes detected, but fetch had errors: iPhone: fetch failed (<urlopen error [Errno 8] nodename nor servname provided, or not known>); iPad: fetch failed (<urlopen error [Errno 8] nodename nor servname provided, or not known>)
[2026-08-02 11:42:18] No price changes detected, but fetch had errors: iPhone: fetch failed (<urlopen error [Errno 8] nodename nor servname provided, or not known>); iPad: fetch failed (<urlopen error [Errno 8] nodename nor servname provided, or not known>)
[2026-08-03 11:33:11] ราคา BaNANA เปลี่ยนแปลง:

Apple iPhone 17
฿29,500 - ฿37,500 -> ฿29,900 - ฿37,900
https://www.bnn.in.th/th/p/apple-iphone-17-256gb-black-195950643596_zo7380

Apple iPhone 17 Pro
฿43,900 - ฿59,900 -> ฿39,980 - ฿55,980
https://www.bnn.in.th/th/p/apple-iphone-17-pro-256gb-deep-blue-195950627657_rqn5v8

Apple iPhone 17 Pro Max
฿48,900 - ฿80,900 -> ฿44,980 - ฿76,980
https://www.bnn.in.th/th/p/apple-iphone-17-pro-max-256gb-cosmic-orange-195950639100_dyn0w4

Apple iPhone 13 128GB Midnight — สินค้าหมด (ราคา ฿15,200)
https://www.bnn.in.th/th/p/apple-iphone-13-128gb-midnight-194252707241_dxlvy0

Apple iPad mini 7 (A17 Pro) Wi-Fi 8.3 inch — มีสินค้าแล้ว (ราคา ฿18,600 - ฿29,600)
https://www.bnn.in.th/th/p/apple-ipad-mini-83-inch-wi-fi-128gb-blue-2024-7th-gen-195949729256_zvjqyp

Apple iPad Pro 13 inch (M4) Wi-Fi — สินค้าหมด (ราคา ฿38,900 - ฿67,200)
https://www.bnn.in.th/th/p/apple-ipad-pro-13-inch-wi-fi-256gb-with-standard-glass-space-black-2024-7th-gen-195949238710_z3qggl

Apple iPad Pro 13 inch (M4) Wi-Fi with Nano-texture glass — มีสินค้าแล้ว (ราคา ฿58,900 - ฿66,900)
https://www.bnn.in.th/th/p/apple-ipad-pro-13-inch-wi-fi-1tb-with-nano-texture-glass-space-black-2024-7th-gen-195949467851_z3qg49
[2026-08-04 11:43:20] ราคา BaNANA เปลี่ยนแปลง:

Apple iPhone 13 128GB Midnight — มีสินค้าแล้ว (ราคา ฿15,200)
https://www.bnn.in.th/th/p/apple-iphone-13-128gb-midnight-194252707241_dxlvy0

Apple iPad mini 7 (A17 Pro) Wi-Fi 8.3 inch — สินค้าหมด (ราคา ฿18,600 - ฿29,600)
https://www.bnn.in.th/th/p/apple-ipad-mini-83-inch-wi-fi-128gb-blue-2024-7th-gen-195949729256_zvjqyp
[2026-08-05 11:31:49] ราคา BaNANA เปลี่ยนแปลง:

Apple iPhone 13 128GB Midnight — สินค้าหมด (ราคา ฿15,200)
https://www.bnn.in.th/th/p/apple-iphone-13-128gb-midnight-194252707241_dxlvy0

Apple iPad mini 7 (A17 Pro) Wi-Fi 8.3 inch — มีสินค้าแล้ว (ราคา ฿18,600 - ฿29,600)
https://www.bnn.in.th/th/p/apple-ipad-mini-83-inch-wi-fi-128gb-blue-2024-7th-gen-195949729256_zvjqyp
[2026-08-06 11:43:33] No price changes detected, but fetch had errors: iPhone: fetch failed (<urlopen error [Errno 8] nodename nor servname provided, or not known>); iPad: fetch failed (<urlopen error [Errno 8] nodename nor servname provided, or not known>)
[2026-08-07 11:40:28] No price changes detected, but fetch had errors: iPhone: fetch failed (<urlopen error [Errno 8] nodename nor servname provided, or not known>); iPad: fetch failed (<urlopen error [Errno 8] nodename nor servname provided, or not known>)
[2026-08-08 11:37:58] No price changes detected, but fetch had errors: iPhone: fetch failed (<urlopen error [Errno 8] nodename nor servname provided, or not known>); iPad: fetch failed (<urlopen error [Errno 8] nodename nor servname provided, or not known>)
[2026-08-09 11:30:06] ราคา BaNANA เปลี่ยนแปลง:

Apple iPhone 13 128GB Midnight — มีสินค้าแล้ว (ราคา ฿15,200)
https://www.bnn.in.th/th/p/apple-iphone-13-128gb-midnight-194252707241_dxlvy0

Apple iPad Air 13 inch (M3) Wi-Fi + Cellular — สินค้าหมด (ราคา ฿31,900 - ฿49,900)
https://www.bnn.in.th/th/p/apple-ipad-air-13-m3-wi-fi-cellular-256gb-space-grey-2025-2nd-gen-195949964800_d20nm6

Apple iPad mini 7 (A17 Pro) Wi-Fi 8.3 inch — สินค้าหมด (ราคา ฿18,600 - ฿29,600)
https://www.bnn.in.th/th/p/apple-ipad-mini-83-inch-wi-fi-128gb-blue-2024-7th-gen-195949729256_zvjqyp

Apple iPad Pro 11 inch (M4) Wi-Fi — สินค้าหมด (ราคา ฿29,900 - ฿53,900)
https://www.bnn.in.th/th/p/apple-ipad-pro-11-inch-wi-fi-256gb-with-standard-glass-space-black-2024-5th-gen-195949222542_dk0wwq
[2026-08-10 11:32:40] No price changes (39 products tracked).
[2026-08-11 11:43:04] No price changes detected, but fetch had errors: iPhone: fetch failed (<urlopen error [Errno 8] nodename nor servname provided, or not known>); iPad: fetch failed (<urlopen error [Errno 8] nodename nor servname provided, or not known>)
[2026-08-12 11:40:26] No price changes detected, but fetch had errors: iPhone: fetch failed (<urlopen error [Errno 8] nodename nor servname provided, or not known>); iPad: fetch failed (<urlopen error [Errno 8] nodename nor servname provided, or not known>)
[2026-08-13 11:31:54] No price changes detected, but fetch had errors: iPhone: 0 products parsed, page structure may have changed; iPad: 0 products parsed, page structure may have changed
[2026-08-14 11:39:49] No price changes detected, but fetch had errors: iPhone: fetch failed (<urlopen error [Errno 8] nodename nor servname provided, or not known>); iPad: fetch failed (<urlopen error [Errno 8] nodename nor servname provided, or not known>)
[2026-08-15 11:38:26] No price changes detected, but fetch had errors: iPhone: fetch failed (<urlopen error [Errno 8] nodename nor servname provided, or not known>); iPad: fetch failed (<urlopen error [Errno 8] nodename nor servname provided, or not known>)
[2026-08-16 11:30:06] No price changes detected, but fetch had errors: iPhone: 0 products parsed, page structure may have changed; iPad: 0 products parsed, page structure may have changed
[2026-08-17 11:37:21] No price changes detected, but fetch had errors: iPhone: fetch failed (<urlopen error [Errno 8] nodename nor servname provided, or not known>); iPad: fetch failed (<urlopen error [Errno 8] nodename nor servname provided, or not known>)
[2026-08-17 23:19:50] No price changes detected, but fetch had errors: iPhone: 0 products parsed, page structure may have changed; iPad: 0 products parsed, page structure may have changed
[2026-08-17 23:20:45] ราคา BaNANA เปลี่ยนแปลง:

Apple iPad Air 11 inch (M4) Wi-Fi
฿24,700 - ฿46,700 -> ฿40,900 - ฿62,900
https://www.bnn.in.th/th/p/apple-ipad-air-11-m4-wi-fi-128gb-blue-2026-195950823851_zgeqq3

Apple iPad mini 7 (A17 Pro) Wi-Fi 8.3 inch
฿18,600 - ฿29,600 -> ฿21,900 - ฿32,900 (มีสินค้าแล้ว)
https://www.bnn.in.th/th/p/apple-ipad-mini-83-inch-wi-fi-128gb-blue-2024-7th-gen-195949729256_zvjqyp

Apple iPad mini 7 (A17 Pro) Wi-Fi + Cellular 8.3 inch
฿24,600 - ฿35,600 -> ฿27,900 - ฿38,900
https://www.bnn.in.th/th/p/apple-ipad-mini-83-inch-wi-fi-cellular-128gb-space-gray-2024-7th-gen-195949755279_r0kp9k

Apple iPhone 13 128GB Midnight — สินค้าหมด (ราคา ฿15,200)
https://www.bnn.in.th/th/p/apple-iphone-13-128gb-midnight-194252707241_dxlvy0

Apple iPad 11 (A16) Wi-Fi + Cellular 11 inch (2025) — มีสินค้าแล้ว (ราคา ฿22,900 - ฿33,900)
https://www.bnn.in.th/th/p/apple-ipad-11-a16-wi-fi-cellular-128gb-pink-2025-11th-gen-195950105377_r67g7n
[2026-08-17 23:29:53] No price changes (39 products tracked).
[2026-08-17 23:36:38] No price changes (39 products tracked).
[2026-08-17 23:37:17] No price changes (39 products tracked).
[2026-08-18 11:30:08] ราคา BaNANA เปลี่ยนแปลง:

Apple iPhone 13 128GB Midnight — มีสินค้าแล้ว (ราคา ฿15,200)
https://www.bnn.in.th/th/p/apple-iphone-13-128gb-midnight-194252707241_dxlvy0
[2026-08-19 11:30:12] ราคา BaNANA เปลี่ยนแปลง:

Apple iPhone 16e White
฿19,400 - ฿23,400 -> ฿23,500 - ฿41,900
https://www.bnn.in.th/th/p/apple-iphone-16e-128gb-white-195950112504_dmx9vn

Apple iPad 11 (A16) Wi-Fi 11 inch (2025)
฿16,900 - ฿27,900 -> ฿22,900 - ฿33,900
https://www.bnn.in.th/th/p/apple-ipad-11-a16-wi-fi-128gb-silver-2025-11th-gen-195950086294_zjkpe8

Apple iPad Air 11 inch (M3) Wi-Fi
฿18,900 - ฿36,900 -> ฿24,900 - ฿42,900
https://www.bnn.in.th/th/p/apple-ipad-air-11-m3-wi-fi-128gb-blue-2025-5th-gen-195949997556_z96941
[2026-08-20 11:33:59] No price changes detected, but fetch had errors: iPhone: fetch failed (<urlopen error [Errno 8] nodename nor servname provided, or not known>); iPad: fetch failed (<urlopen error [Errno 8] nodename nor servname provided, or not known>)
